// Jest Snapshot v1, https://goo.gl/fbAQLP

exports[`<Button /> should render the button in normal size 1`] = `
.c0 {
  display: -webkit-inline-box;
  display: -webkit-inline-flex;
  display: -ms-inline-flexbox;
  display: inline-flex;
  -webkit-align-items: center;
  -webkit-box-align: center;
  -ms-flex-align: center;
  align-items: center;
  -webkit-box-pack: center;
  -webkit-justify-content: center;
  -ms-flex-pack: center;
  justify-content: center;
  border: 0;
  padding: 1.5rem 4.4rem;
  border-radius: 0.4rem;
  font-weight: 700;
  -webkit-text-decoration: none;
  text-decoration: none;
  color: #7A57FD;
  background: #FFD74F;
  -webkit-transition: all 0.2s ease;
  transition: all 0.2s ease;
  cursor: pointer;
  height: 4.8rem;
  font-size: 1.4rem;
}

.c0:hover {
  background: #ffc70b;
}

<button
  class="c0"
>
  <span>
    Get Started
  </span>
</button>
`;
