// Jest Snapshot v1, https://goo.gl/fbAQLP

exports[`<Footer /> should render the footer correctly 1`] = `
.c0 {
  display: -webkit-box;
  display: -webkit-flex;
  display: -ms-flexbox;
  display: flex;
  -webkit-box-pack: center;
  -webkit-justify-content: center;
  -ms-flex-pack: center;
  justify-content: center;
  -webkit-align-items: center;
  -webkit-box-align: center;
  -ms-flex-align: center;
  align-items: center;
}

.c1 {
  color: #030517;
  font-size: 1.4rem;
  text-align: center;
}

@media screen and (max-width:768px) {
  .c1 {
    font-size: 1rem;
  }
}

<footer
  class="c0"
>
  <p
    class="c1"
  >
    Copyright Â© 2021 
    <strong>
      Eduick
    </strong>
    . Todos os direitos reservados.
  </p>
</footer>
`;
