// Jest Snapshot v1, https://goo.gl/fbAQLP

exports[`<Dashboard /> should render the Dashboard 1`] = `
.c4 {
  color: #FFFFFF;
  width: 10rem;
}

.c2 {
  display: -webkit-box;
  display: -webkit-flex;
  display: -ms-flexbox;
  display: flex;
  -webkit-box-pack: justify;
  -webkit-justify-content: space-between;
  -ms-flex-pack: justify;
  justify-content: space-between;
  -webkit-align-items: center;
  -webkit-box-align: center;
  -ms-flex-align: center;
  align-items: center;
  width: 100%;
  max-width: 1140px;
  height: 64px;
  margin: 0 auto;
  padding: 2rem 0;
  background-color: #7A57FD;
}

.c3 {
  display: inherit;
}

.c6 {
  display: inherit;
}

.c8 {
  width: 34px;
  height: 34px;
  border-radius: 50%;
  margin-left: 2.8rem;
}

.c5 {
  color: #FFFFFF;
  margin-left: 4.8rem;
  font-size: 1.4rem;
  -webkit-letter-spacing: -0.02em;
  -moz-letter-spacing: -0.02em;
  -ms-letter-spacing: -0.02em;
  letter-spacing: -0.02em;
  -webkit-text-decoration: none;
  text-decoration: none;
  cursor: pointer;
}

.c5:hover {
  -webkit-text-decoration: underline;
  text-decoration: underline;
}

.c7 {
  color: #FFFFFF;
  padding: 1rem 2rem;
  border: none;
  border-radius: 0.4rem;
  background-color: #5838cd;
  -webkit-transition: all 0.2s;
  transition: all 0.2s;
}

.c7:hover {
  background-color: #4d30bb;
}

.c7 span {
  font-weight: 700;
  text-transform: uppercase;
  line-height: 15px;
  -webkit-letter-spacing: -0.02em;
  -moz-letter-spacing: -0.02em;
  -ms-letter-spacing: -0.02em;
  letter-spacing: -0.02em;
}

.c19 {
  display: -webkit-box;
  display: -webkit-flex;
  display: -ms-flexbox;
  display: flex;
}

.c14 {
  display: -webkit-box;
  display: -webkit-flex;
  display: -ms-flexbox;
  display: flex;
  -webkit-flex-direction: column;
  -ms-flex-direction: column;
  flex-direction: column;
  -webkit-box-pack: center;
  -webkit-justify-content: center;
  -ms-flex-pack: center;
  justify-content: center;
  width: 100%;
  max-width: 360px;
  height: 100%;
  padding: 1rem;
  border-radius: 0.4rem;
  background-color: #FFFFFF;
}

.c15 img {
  width: 100%;
  min-height: 165px;
  border-radius: 0.4rem;
}

.c16 {
  display: -webkit-box;
  display: -webkit-flex;
  display: -ms-flexbox;
  display: flex;
  -webkit-flex-direction: column;
  -ms-flex-direction: column;
  flex-direction: column;
  -webkit-box-pack: justify;
  -webkit-justify-content: space-between;
  -ms-flex-pack: justify;
  justify-content: space-between;
  height: 100%;
  margin-top: 1.4rem;
}

.c17 {
  display: -webkit-box;
  display: -webkit-flex;
  display: -ms-flexbox;
  display: flex;
  -webkit-align-items: center;
  -webkit-box-align: center;
  -ms-flex-align: center;
  align-items: center;
  -webkit-box-pack: justify;
  -webkit-justify-content: space-between;
  -ms-flex-pack: justify;
  justify-content: space-between;
}

.c18 {
  -webkit-text-decoration: none;
  text-decoration: none;
}

.c20 {
  padding: 1rem;
  color: #030517;
  font-size: 1.2rem;
  background: #CFC9E9;
  border: none;
  border-radius: 0.4rem;
  cursor: help;
}

.c21 {
  margin: 1.6rem 0;
  font-family: Poppins,-apple-system,BlinkMacSystemFont,'Segoe UI',Roboto,Oxygen,Ubuntu,Cantarell,'Open Sans','Helvetica Neue',sans-serif;
  font-size: 1.8rem;
  font-weight: 700;
  color: #200E64;
}

.c0 {
  background-color: #E5E5E5;
  display: -webkit-box;
  display: -webkit-flex;
  display: -ms-flexbox;
  display: flex;
  -webkit-flex-direction: column;
  -ms-flex-direction: column;
  flex-direction: column;
  width: 100%;
  height: 100%;
  padding: 1rem;
}

.c1 {
  position: fixed;
  top: 0;
  right: 0;
  left: 0;
  padding: 0 1rem;
  z-index: 50;
  background-color: #7A57FD;
}

.c9 {
  display: -webkit-box;
  display: -webkit-flex;
  display: -ms-flexbox;
  display: flex;
  -webkit-flex-direction: column;
  -ms-flex-direction: column;
  flex-direction: column;
  width: 100%;
  max-width: 1140px;
  margin: 5rem auto 0 auto;
}

.c10 {
  display: -webkit-box;
  display: -webkit-flex;
  display: -ms-flexbox;
  display: flex;
  -webkit-box-pack: justify;
  -webkit-justify-content: space-between;
  -ms-flex-pack: justify;
  justify-content: space-between;
  width: 100%;
  height: 235px;
  margin: 3rem 0;
  padding: 4rem 0 4rem 10rem;
  border-radius: 0.4rem;
  background-color: #FFFFFF;
}

.c11 {
  display: -webkit-box;
  display: -webkit-flex;
  display: -ms-flexbox;
  display: flex;
  -webkit-flex-direction: column;
  -ms-flex-direction: column;
  flex-direction: column;
  max-width: 520px;
  position: relative;
}

.c11 img {
  position: absolute;
  left: -170px;
  width: 126px;
  height: 150px;
}

.c11 h1 {
  color: #200E64;
  font-family: Poppins,-apple-system,BlinkMacSystemFont,'Segoe UI',Roboto,Oxygen,Ubuntu,Cantarell,'Open Sans','Helvetica Neue',sans-serif;
  font-size: 2.8rem;
  font-weight: 300;
  margin-bottom: 1rem;
}

.c11 h1 span {
  font-size: 2.8rem;
  color: #FFD74F;
}

.c11 p {
  font-size: 1.6rem;
}

.c12 {
  display: inherit;
}

.c13 {
  display: grid;
  grid-template-columns: repeat(auto-fit,minmax(300px,1fr));
  gap: 1rem;
}

@media screen and (max-width:768px) {
  .c5 {
    display: none;
  }
}

@media screen and (max-width:768px) {
  .c7 {
    display: none;
  }
}

@media screen and (max-width:768px) {

}

@media screen and (max-width:768px) {
  .c10 {
    padding: 2rem;
  }
}

@media screen and (max-width:768px) {
  .c11 img {
    display: none;
  }
}

@media screen and (max-width:768px) {
  .c11 {
    -webkit-box-pack: center;
    -webkit-justify-content: center;
    -ms-flex-pack: center;
    justify-content: center;
  }
}

@media screen and (max-width:768px) {
  .c12 img {
    display: none;
  }
}

<div
  class="c0"
>
  <section
    class="c1"
  >
    <header
      class="c2"
    >
      <div
        class="c3"
      >
        <div
          class="c4"
          color="white"
        >
          <svg
            aria-label="Edusynch Logo"
            fill="none"
            role="img"
            viewBox="0 0 140 23"
            xmlns="http://www.w3.org/2000/svg"
          >
            <path
              d="M17.534.442H0v4.834h17.534V.442zm0 8.562H0v4.676h17.534V9.004zM0 17.724v4.834h17.534v-4.834H0zM44.683 5.655c-1.042-1.643-2.496-2.938-4.36-3.854C38.428.916 36.28.442 33.878.442H23.421v4.992h10.205c1.895 0 3.412.537 4.549 1.611 1.137 1.106 1.738 2.591 1.738 4.455 0 1.896-.6 3.38-1.738 4.455-1.137 1.074-2.654 1.611-4.55 1.611h-3.949V11.69h-6.255v10.868h10.457c2.401 0 4.55-.442 6.445-1.359 1.864-.884 3.318-2.18 4.36-3.854 1.011-1.643 1.548-3.602 1.548-5.845 0-2.211-.537-4.17-1.548-5.845zM54.244 20.315C56.076 22.115 58.635 23 61.92 23c3.286 0 5.813-.884 7.646-2.685 1.832-1.77 2.748-4.329 2.748-7.614V.442h-6.16v12.07c0 3.537-1.39 5.307-4.17 5.307-2.813 0-4.203-1.77-4.203-5.308V.442h-6.255v12.259c0 3.285.884 5.844 2.717 7.614zM78.716.442v22.116h6.256V.442h-6.256zM96.418 21.547c1.832.98 3.917 1.453 6.255 1.453 2.022 0 3.823-.348 5.466-1.074a10.293 10.293 0 004.044-3.096l-3.981-3.602c-1.453 1.738-3.191 2.59-5.213 2.59-1.201 0-2.275-.252-3.223-.79-.947-.505-1.674-1.263-2.18-2.21-.505-.948-.758-2.054-.758-3.318 0-1.232.253-2.338.759-3.286a5.518 5.518 0 012.18-2.243 6.754 6.754 0 013.222-.79c2.022 0 3.76.885 5.213 2.591l3.981-3.602a10.917 10.917 0 00-4.044-3.096C106.496.38 104.695 0 102.673 0c-2.338 0-4.423.505-6.255 1.485-1.833.98-3.286 2.338-4.329 4.075-1.074 1.77-1.58 3.728-1.58 5.94 0 2.211.506 4.202 1.58 5.94 1.043 1.769 2.496 3.127 4.329 4.107zM123.358.442h-6.192v9.415l6.192-6.73V.443zm6.413 9.794l9.036-9.794h-6.887l-8.562 9.194-6.192 6.666v6.256h6.192v-5.53l2.338-2.495 6.319 8.025h7.266l-9.51-12.322z"
              fill="currentColor"
            />
            <path
              d="M0 .525h5.255v22.071H0z"
              fill="currentColor"
            />
          </svg>
        </div>
        <a
          class="c5"
        >
          My Classes
        </a>
        <a
          class="c5"
        >
          Back to Home
        </a>
      </div>
      <div
        class="c6"
      >
        <button
          class="c7"
        >
          <span>
            Change to teacher mode
          </span>
        </button>
        <img
          alt="user avatar"
          class="c8"
          src="/img/avatar-2.png"
        />
      </div>
    </header>
  </section>
  <section
    class="c9"
  >
    <div
      class="c10"
    >
      <div
        class="c11"
      >
        <img
          alt="illustration"
          src="/img/illustration-3.svg"
        />
        <h1>
          Hello 
          <strong>
            Student
          </strong>
          <span>
            .
          </span>
        </h1>
        <p>
          Whether you are a student trying to find your ideal private language teachers/tutors
        </p>
      </div>
      <div
        class="c12"
      >
        <img
          alt="meeting"
          src="/img/illustration-1.svg"
        />
      </div>
    </div>
    <section
      class="c13"
    >
      <article
        class="c14"
      >
        <div
          class="c15"
        >
          <img
            alt="Master English: Improve Your Speaking"
            src="https://images.unsplash.com/photo-1513104890138-7c749659a591?ixlib=rb-1.2.1&ixid=MnwxMjA3fDB8MHxwaG90by1wYWdlfHx8fGVufDB8fHx8&auto=format&fit=crop&w=750&q=80"
          />
        </div>
        <div
          class="c16"
        >
          <div
            class="c17"
          >
            <div
              class="c18"
            >
              <div
                class="c19"
              >
                <svg
                  color="#C4C4C4"
                  fill="currentColor"
                  height="24"
                  stroke="currentColor"
                  stroke-width="0"
                  style="color: rgb(196, 196, 196); margin-right: 5px; cursor: pointer;"
                  viewBox="0 0 576 512"
                  width="24"
                  xmlns="http://www.w3.org/2000/svg"
                >
                  <path
                    d="M259.3 17.8L194 150.2 47.9 171.5c-26.2 3.8-36.7 36.1-17.7 54.6l105.7 103-25 145.5c-4.5 26.3 23.2 46 46.4 33.7L288 439.6l130.7 68.7c23.2 12.2 50.9-7.4 46.4-33.7l-25-145.5 105.7-103c19-18.5 8.5-50.8-17.7-54.6L382 150.2 316.7 17.8c-11.7-23.6-45.6-23.9-57.4 0z"
                  />
                </svg>
                <svg
                  color="#C4C4C4"
                  fill="currentColor"
                  height="24"
                  stroke="currentColor"
                  stroke-width="0"
                  style="color: rgb(196, 196, 196); margin-right: 5px; cursor: pointer;"
                  viewBox="0 0 576 512"
                  width="24"
                  xmlns="http://www.w3.org/2000/svg"
                >
                  <path
                    d="M259.3 17.8L194 150.2 47.9 171.5c-26.2 3.8-36.7 36.1-17.7 54.6l105.7 103-25 145.5c-4.5 26.3 23.2 46 46.4 33.7L288 439.6l130.7 68.7c23.2 12.2 50.9-7.4 46.4-33.7l-25-145.5 105.7-103c19-18.5 8.5-50.8-17.7-54.6L382 150.2 316.7 17.8c-11.7-23.6-45.6-23.9-57.4 0z"
                  />
                </svg>
                <svg
                  color="#C4C4C4"
                  fill="currentColor"
                  height="24"
                  stroke="currentColor"
                  stroke-width="0"
                  style="color: rgb(196, 196, 196); margin-right: 5px; cursor: pointer;"
                  viewBox="0 0 576 512"
                  width="24"
                  xmlns="http://www.w3.org/2000/svg"
                >
                  <path
                    d="M259.3 17.8L194 150.2 47.9 171.5c-26.2 3.8-36.7 36.1-17.7 54.6l105.7 103-25 145.5c-4.5 26.3 23.2 46 46.4 33.7L288 439.6l130.7 68.7c23.2 12.2 50.9-7.4 46.4-33.7l-25-145.5 105.7-103c19-18.5 8.5-50.8-17.7-54.6L382 150.2 316.7 17.8c-11.7-23.6-45.6-23.9-57.4 0z"
                  />
                </svg>
                <svg
                  color="#C4C4C4"
                  fill="currentColor"
                  height="24"
                  stroke="currentColor"
                  stroke-width="0"
                  style="color: rgb(196, 196, 196); margin-right: 5px; cursor: pointer;"
                  viewBox="0 0 576 512"
                  width="24"
                  xmlns="http://www.w3.org/2000/svg"
                >
                  <path
                    d="M259.3 17.8L194 150.2 47.9 171.5c-26.2 3.8-36.7 36.1-17.7 54.6l105.7 103-25 145.5c-4.5 26.3 23.2 46 46.4 33.7L288 439.6l130.7 68.7c23.2 12.2 50.9-7.4 46.4-33.7l-25-145.5 105.7-103c19-18.5 8.5-50.8-17.7-54.6L382 150.2 316.7 17.8c-11.7-23.6-45.6-23.9-57.4 0z"
                  />
                </svg>
                <svg
                  color="#C4C4C4"
                  fill="currentColor"
                  height="24"
                  stroke="currentColor"
                  stroke-width="0"
                  style="color: rgb(196, 196, 196); margin-right: 5px; cursor: pointer;"
                  viewBox="0 0 576 512"
                  width="24"
                  xmlns="http://www.w3.org/2000/svg"
                >
                  <path
                    d="M259.3 17.8L194 150.2 47.9 171.5c-26.2 3.8-36.7 36.1-17.7 54.6l105.7 103-25 145.5c-4.5 26.3 23.2 46 46.4 33.7L288 439.6l130.7 68.7c23.2 12.2 50.9-7.4 46.4-33.7l-25-145.5 105.7-103c19-18.5 8.5-50.8-17.7-54.6L382 150.2 316.7 17.8c-11.7-23.6-45.6-23.9-57.4 0z"
                  />
                </svg>
              </div>
            </div>
            <button
              class="c20"
            >
              10
               lessons
            </button>
          </div>
          <div
            class="c21"
          >
            <p>
              Master English: Improve Your Speaking
            </p>
          </div>
        </div>
      </article>
      <article
        class="c14"
      >
        <div
          class="c15"
        >
          <img
            alt="Master English: Improve Your Speaking"
            src="https://images.unsplash.com/photo-1513104890138-7c749659a591?ixlib=rb-1.2.1&ixid=MnwxMjA3fDB8MHxwaG90by1wYWdlfHx8fGVufDB8fHx8&auto=format&fit=crop&w=750&q=80"
          />
        </div>
        <div
          class="c16"
        >
          <div
            class="c17"
          >
            <div
              class="c18"
            >
              <div
                class="c19"
              >
                <svg
                  color="#C4C4C4"
                  fill="currentColor"
                  height="24"
                  stroke="currentColor"
                  stroke-width="0"
                  style="color: rgb(196, 196, 196); margin-right: 5px; cursor: pointer;"
                  viewBox="0 0 576 512"
                  width="24"
                  xmlns="http://www.w3.org/2000/svg"
                >
                  <path
                    d="M259.3 17.8L194 150.2 47.9 171.5c-26.2 3.8-36.7 36.1-17.7 54.6l105.7 103-25 145.5c-4.5 26.3 23.2 46 46.4 33.7L288 439.6l130.7 68.7c23.2 12.2 50.9-7.4 46.4-33.7l-25-145.5 105.7-103c19-18.5 8.5-50.8-17.7-54.6L382 150.2 316.7 17.8c-11.7-23.6-45.6-23.9-57.4 0z"
                  />
                </svg>
                <svg
                  color="#C4C4C4"
                  fill="currentColor"
                  height="24"
                  stroke="currentColor"
                  stroke-width="0"
                  style="color: rgb(196, 196, 196); margin-right: 5px; cursor: pointer;"
                  viewBox="0 0 576 512"
                  width="24"
                  xmlns="http://www.w3.org/2000/svg"
                >
                  <path
                    d="M259.3 17.8L194 150.2 47.9 171.5c-26.2 3.8-36.7 36.1-17.7 54.6l105.7 103-25 145.5c-4.5 26.3 23.2 46 46.4 33.7L288 439.6l130.7 68.7c23.2 12.2 50.9-7.4 46.4-33.7l-25-145.5 105.7-103c19-18.5 8.5-50.8-17.7-54.6L382 150.2 316.7 17.8c-11.7-23.6-45.6-23.9-57.4 0z"
                  />
                </svg>
                <svg
                  color="#C4C4C4"
                  fill="currentColor"
                  height="24"
                  stroke="currentColor"
                  stroke-width="0"
                  style="color: rgb(196, 196, 196); margin-right: 5px; cursor: pointer;"
                  viewBox="0 0 576 512"
                  width="24"
                  xmlns="http://www.w3.org/2000/svg"
                >
                  <path
                    d="M259.3 17.8L194 150.2 47.9 171.5c-26.2 3.8-36.7 36.1-17.7 54.6l105.7 103-25 145.5c-4.5 26.3 23.2 46 46.4 33.7L288 439.6l130.7 68.7c23.2 12.2 50.9-7.4 46.4-33.7l-25-145.5 105.7-103c19-18.5 8.5-50.8-17.7-54.6L382 150.2 316.7 17.8c-11.7-23.6-45.6-23.9-57.4 0z"
                  />
                </svg>
                <svg
                  color="#C4C4C4"
                  fill="currentColor"
                  height="24"
                  stroke="currentColor"
                  stroke-width="0"
                  style="color: rgb(196, 196, 196); margin-right: 5px; cursor: pointer;"
                  viewBox="0 0 576 512"
                  width="24"
                  xmlns="http://www.w3.org/2000/svg"
                >
                  <path
                    d="M259.3 17.8L194 150.2 47.9 171.5c-26.2 3.8-36.7 36.1-17.7 54.6l105.7 103-25 145.5c-4.5 26.3 23.2 46 46.4 33.7L288 439.6l130.7 68.7c23.2 12.2 50.9-7.4 46.4-33.7l-25-145.5 105.7-103c19-18.5 8.5-50.8-17.7-54.6L382 150.2 316.7 17.8c-11.7-23.6-45.6-23.9-57.4 0z"
                  />
                </svg>
                <svg
                  color="#C4C4C4"
                  fill="currentColor"
                  height="24"
                  stroke="currentColor"
                  stroke-width="0"
                  style="color: rgb(196, 196, 196); margin-right: 5px; cursor: pointer;"
                  viewBox="0 0 576 512"
                  width="24"
                  xmlns="http://www.w3.org/2000/svg"
                >
                  <path
                    d="M259.3 17.8L194 150.2 47.9 171.5c-26.2 3.8-36.7 36.1-17.7 54.6l105.7 103-25 145.5c-4.5 26.3 23.2 46 46.4 33.7L288 439.6l130.7 68.7c23.2 12.2 50.9-7.4 46.4-33.7l-25-145.5 105.7-103c19-18.5 8.5-50.8-17.7-54.6L382 150.2 316.7 17.8c-11.7-23.6-45.6-23.9-57.4 0z"
                  />
                </svg>
              </div>
            </div>
            <button
              class="c20"
            >
              3
               lessons
            </button>
          </div>
          <div
            class="c21"
          >
            <p>
              Master English: Improve Your Speaking
            </p>
          </div>
        </div>
      </article>
      <article
        class="c14"
      >
        <div
          class="c15"
        >
          <img
            alt="Master English: Improve Your Speaking"
            src="https://images.unsplash.com/photo-1513104890138-7c749659a591?ixlib=rb-1.2.1&ixid=MnwxMjA3fDB8MHxwaG90by1wYWdlfHx8fGVufDB8fHx8&auto=format&fit=crop&w=750&q=80"
          />
        </div>
        <div
          class="c16"
        >
          <div
            class="c17"
          >
            <div
              class="c18"
            >
              <div
                class="c19"
              >
                <svg
                  color="#C4C4C4"
                  fill="currentColor"
                  height="24"
                  stroke="currentColor"
                  stroke-width="0"
                  style="color: rgb(196, 196, 196); margin-right: 5px; cursor: pointer;"
                  viewBox="0 0 576 512"
                  width="24"
                  xmlns="http://www.w3.org/2000/svg"
                >
                  <path
                    d="M259.3 17.8L194 150.2 47.9 171.5c-26.2 3.8-36.7 36.1-17.7 54.6l105.7 103-25 145.5c-4.5 26.3 23.2 46 46.4 33.7L288 439.6l130.7 68.7c23.2 12.2 50.9-7.4 46.4-33.7l-25-145.5 105.7-103c19-18.5 8.5-50.8-17.7-54.6L382 150.2 316.7 17.8c-11.7-23.6-45.6-23.9-57.4 0z"
                  />
                </svg>
                <svg
                  color="#C4C4C4"
                  fill="currentColor"
                  height="24"
                  stroke="currentColor"
                  stroke-width="0"
                  style="color: rgb(196, 196, 196); margin-right: 5px; cursor: pointer;"
                  viewBox="0 0 576 512"
                  width="24"
                  xmlns="http://www.w3.org/2000/svg"
                >
                  <path
                    d="M259.3 17.8L194 150.2 47.9 171.5c-26.2 3.8-36.7 36.1-17.7 54.6l105.7 103-25 145.5c-4.5 26.3 23.2 46 46.4 33.7L288 439.6l130.7 68.7c23.2 12.2 50.9-7.4 46.4-33.7l-25-145.5 105.7-103c19-18.5 8.5-50.8-17.7-54.6L382 150.2 316.7 17.8c-11.7-23.6-45.6-23.9-57.4 0z"
                  />
                </svg>
                <svg
                  color="#C4C4C4"
                  fill="currentColor"
                  height="24"
                  stroke="currentColor"
                  stroke-width="0"
                  style="color: rgb(196, 196, 196); margin-right: 5px; cursor: pointer;"
                  viewBox="0 0 576 512"
                  width="24"
                  xmlns="http://www.w3.org/2000/svg"
                >
                  <path
                    d="M259.3 17.8L194 150.2 47.9 171.5c-26.2 3.8-36.7 36.1-17.7 54.6l105.7 103-25 145.5c-4.5 26.3 23.2 46 46.4 33.7L288 439.6l130.7 68.7c23.2 12.2 50.9-7.4 46.4-33.7l-25-145.5 105.7-103c19-18.5 8.5-50.8-17.7-54.6L382 150.2 316.7 17.8c-11.7-23.6-45.6-23.9-57.4 0z"
                  />
                </svg>
                <svg
                  color="#C4C4C4"
                  fill="currentColor"
                  height="24"
                  stroke="currentColor"
                  stroke-width="0"
                  style="color: rgb(196, 196, 196); margin-right: 5px; cursor: pointer;"
                  viewBox="0 0 576 512"
                  width="24"
                  xmlns="http://www.w3.org/2000/svg"
                >
                  <path
                    d="M259.3 17.8L194 150.2 47.9 171.5c-26.2 3.8-36.7 36.1-17.7 54.6l105.7 103-25 145.5c-4.5 26.3 23.2 46 46.4 33.7L288 439.6l130.7 68.7c23.2 12.2 50.9-7.4 46.4-33.7l-25-145.5 105.7-103c19-18.5 8.5-50.8-17.7-54.6L382 150.2 316.7 17.8c-11.7-23.6-45.6-23.9-57.4 0z"
                  />
                </svg>
                <svg
                  color="#C4C4C4"
                  fill="currentColor"
                  height="24"
                  stroke="currentColor"
                  stroke-width="0"
                  style="color: rgb(196, 196, 196); margin-right: 5px; cursor: pointer;"
                  viewBox="0 0 576 512"
                  width="24"
                  xmlns="http://www.w3.org/2000/svg"
                >
                  <path
                    d="M259.3 17.8L194 150.2 47.9 171.5c-26.2 3.8-36.7 36.1-17.7 54.6l105.7 103-25 145.5c-4.5 26.3 23.2 46 46.4 33.7L288 439.6l130.7 68.7c23.2 12.2 50.9-7.4 46.4-33.7l-25-145.5 105.7-103c19-18.5 8.5-50.8-17.7-54.6L382 150.2 316.7 17.8c-11.7-23.6-45.6-23.9-57.4 0z"
                  />
                </svg>
              </div>
            </div>
            <button
              class="c20"
            >
              1
               lessons
            </button>
          </div>
          <div
            class="c21"
          >
            <p>
              Master English: Improve Your Speaking
            </p>
          </div>
        </div>
      </article>
      <article
        class="c14"
      >
        <div
          class="c15"
        >
          <img
            alt="Master English: Improve Your Speaking"
            src="https://images.unsplash.com/photo-1513104890138-7c749659a591?ixlib=rb-1.2.1&ixid=MnwxMjA3fDB8MHxwaG90by1wYWdlfHx8fGVufDB8fHx8&auto=format&fit=crop&w=750&q=80"
          />
        </div>
        <div
          class="c16"
        >
          <div
            class="c17"
          >
            <div
              class="c18"
            >
              <div
                class="c19"
              >
                <svg
                  color="#C4C4C4"
                  fill="currentColor"
                  height="24"
                  stroke="currentColor"
                  stroke-width="0"
                  style="color: rgb(196, 196, 196); margin-right: 5px; cursor: pointer;"
                  viewBox="0 0 576 512"
                  width="24"
                  xmlns="http://www.w3.org/2000/svg"
                >
                  <path
                    d="M259.3 17.8L194 150.2 47.9 171.5c-26.2 3.8-36.7 36.1-17.7 54.6l105.7 103-25 145.5c-4.5 26.3 23.2 46 46.4 33.7L288 439.6l130.7 68.7c23.2 12.2 50.9-7.4 46.4-33.7l-25-145.5 105.7-103c19-18.5 8.5-50.8-17.7-54.6L382 150.2 316.7 17.8c-11.7-23.6-45.6-23.9-57.4 0z"
                  />
                </svg>
                <svg
                  color="#C4C4C4"
                  fill="currentColor"
                  height="24"
                  stroke="currentColor"
                  stroke-width="0"
                  style="color: rgb(196, 196, 196); margin-right: 5px; cursor: pointer;"
                  viewBox="0 0 576 512"
                  width="24"
                  xmlns="http://www.w3.org/2000/svg"
                >
                  <path
                    d="M259.3 17.8L194 150.2 47.9 171.5c-26.2 3.8-36.7 36.1-17.7 54.6l105.7 103-25 145.5c-4.5 26.3 23.2 46 46.4 33.7L288 439.6l130.7 68.7c23.2 12.2 50.9-7.4 46.4-33.7l-25-145.5 105.7-103c19-18.5 8.5-50.8-17.7-54.6L382 150.2 316.7 17.8c-11.7-23.6-45.6-23.9-57.4 0z"
                  />
                </svg>
                <svg
                  color="#C4C4C4"
                  fill="currentColor"
                  height="24"
                  stroke="currentColor"
                  stroke-width="0"
                  style="color: rgb(196, 196, 196); margin-right: 5px; cursor: pointer;"
                  viewBox="0 0 576 512"
                  width="24"
                  xmlns="http://www.w3.org/2000/svg"
                >
                  <path
                    d="M259.3 17.8L194 150.2 47.9 171.5c-26.2 3.8-36.7 36.1-17.7 54.6l105.7 103-25 145.5c-4.5 26.3 23.2 46 46.4 33.7L288 439.6l130.7 68.7c23.2 12.2 50.9-7.4 46.4-33.7l-25-145.5 105.7-103c19-18.5 8.5-50.8-17.7-54.6L382 150.2 316.7 17.8c-11.7-23.6-45.6-23.9-57.4 0z"
                  />
                </svg>
                <svg
                  color="#C4C4C4"
                  fill="currentColor"
                  height="24"
                  stroke="currentColor"
                  stroke-width="0"
                  style="color: rgb(196, 196, 196); margin-right: 5px; cursor: pointer;"
                  viewBox="0 0 576 512"
                  width="24"
                  xmlns="http://www.w3.org/2000/svg"
                >
                  <path
                    d="M259.3 17.8L194 150.2 47.9 171.5c-26.2 3.8-36.7 36.1-17.7 54.6l105.7 103-25 145.5c-4.5 26.3 23.2 46 46.4 33.7L288 439.6l130.7 68.7c23.2 12.2 50.9-7.4 46.4-33.7l-25-145.5 105.7-103c19-18.5 8.5-50.8-17.7-54.6L382 150.2 316.7 17.8c-11.7-23.6-45.6-23.9-57.4 0z"
                  />
                </svg>
                <svg
                  color="#C4C4C4"
                  fill="currentColor"
                  height="24"
                  stroke="currentColor"
                  stroke-width="0"
                  style="color: rgb(196, 196, 196); margin-right: 5px; cursor: pointer;"
                  viewBox="0 0 576 512"
                  width="24"
                  xmlns="http://www.w3.org/2000/svg"
                >
                  <path
                    d="M259.3 17.8L194 150.2 47.9 171.5c-26.2 3.8-36.7 36.1-17.7 54.6l105.7 103-25 145.5c-4.5 26.3 23.2 46 46.4 33.7L288 439.6l130.7 68.7c23.2 12.2 50.9-7.4 46.4-33.7l-25-145.5 105.7-103c19-18.5 8.5-50.8-17.7-54.6L382 150.2 316.7 17.8c-11.7-23.6-45.6-23.9-57.4 0z"
                  />
                </svg>
              </div>
            </div>
            <button
              class="c20"
            >
              4
               lessons
            </button>
          </div>
          <div
            class="c21"
          >
            <p>
              Master English: Improve Your Speaking
            </p>
          </div>
        </div>
      </article>
      <article
        class="c14"
      >
        <div
          class="c15"
        >
          <img
            alt="Master English: Improve Your Speaking"
            src="https://images.unsplash.com/photo-1513104890138-7c749659a591?ixlib=rb-1.2.1&ixid=MnwxMjA3fDB8MHxwaG90by1wYWdlfHx8fGVufDB8fHx8&auto=format&fit=crop&w=750&q=80"
          />
        </div>
        <div
          class="c16"
        >
          <div
            class="c17"
          >
            <div
              class="c18"
            >
              <div
                class="c19"
              >
                <svg
                  color="#C4C4C4"
                  fill="currentColor"
                  height="24"
                  stroke="currentColor"
                  stroke-width="0"
                  style="color: rgb(196, 196, 196); margin-right: 5px; cursor: pointer;"
                  viewBox="0 0 576 512"
                  width="24"
                  xmlns="http://www.w3.org/2000/svg"
                >
                  <path
                    d="M259.3 17.8L194 150.2 47.9 171.5c-26.2 3.8-36.7 36.1-17.7 54.6l105.7 103-25 145.5c-4.5 26.3 23.2 46 46.4 33.7L288 439.6l130.7 68.7c23.2 12.2 50.9-7.4 46.4-33.7l-25-145.5 105.7-103c19-18.5 8.5-50.8-17.7-54.6L382 150.2 316.7 17.8c-11.7-23.6-45.6-23.9-57.4 0z"
                  />
                </svg>
                <svg
                  color="#C4C4C4"
                  fill="currentColor"
                  height="24"
                  stroke="currentColor"
                  stroke-width="0"
                  style="color: rgb(196, 196, 196); margin-right: 5px; cursor: pointer;"
                  viewBox="0 0 576 512"
                  width="24"
                  xmlns="http://www.w3.org/2000/svg"
                >
                  <path
                    d="M259.3 17.8L194 150.2 47.9 171.5c-26.2 3.8-36.7 36.1-17.7 54.6l105.7 103-25 145.5c-4.5 26.3 23.2 46 46.4 33.7L288 439.6l130.7 68.7c23.2 12.2 50.9-7.4 46.4-33.7l-25-145.5 105.7-103c19-18.5 8.5-50.8-17.7-54.6L382 150.2 316.7 17.8c-11.7-23.6-45.6-23.9-57.4 0z"
                  />
                </svg>
                <svg
                  color="#C4C4C4"
                  fill="currentColor"
                  height="24"
                  stroke="currentColor"
                  stroke-width="0"
                  style="color: rgb(196, 196, 196); margin-right: 5px; cursor: pointer;"
                  viewBox="0 0 576 512"
                  width="24"
                  xmlns="http://www.w3.org/2000/svg"
                >
                  <path
                    d="M259.3 17.8L194 150.2 47.9 171.5c-26.2 3.8-36.7 36.1-17.7 54.6l105.7 103-25 145.5c-4.5 26.3 23.2 46 46.4 33.7L288 439.6l130.7 68.7c23.2 12.2 50.9-7.4 46.4-33.7l-25-145.5 105.7-103c19-18.5 8.5-50.8-17.7-54.6L382 150.2 316.7 17.8c-11.7-23.6-45.6-23.9-57.4 0z"
                  />
                </svg>
                <svg
                  color="#C4C4C4"
                  fill="currentColor"
                  height="24"
                  stroke="currentColor"
                  stroke-width="0"
                  style="color: rgb(196, 196, 196); margin-right: 5px; cursor: pointer;"
                  viewBox="0 0 576 512"
                  width="24"
                  xmlns="http://www.w3.org/2000/svg"
                >
                  <path
                    d="M259.3 17.8L194 150.2 47.9 171.5c-26.2 3.8-36.7 36.1-17.7 54.6l105.7 103-25 145.5c-4.5 26.3 23.2 46 46.4 33.7L288 439.6l130.7 68.7c23.2 12.2 50.9-7.4 46.4-33.7l-25-145.5 105.7-103c19-18.5 8.5-50.8-17.7-54.6L382 150.2 316.7 17.8c-11.7-23.6-45.6-23.9-57.4 0z"
                  />
                </svg>
                <svg
                  color="#C4C4C4"
                  fill="currentColor"
                  height="24"
                  stroke="currentColor"
                  stroke-width="0"
                  style="color: rgb(196, 196, 196); margin-right: 5px; cursor: pointer;"
                  viewBox="0 0 576 512"
                  width="24"
                  xmlns="http://www.w3.org/2000/svg"
                >
                  <path
                    d="M259.3 17.8L194 150.2 47.9 171.5c-26.2 3.8-36.7 36.1-17.7 54.6l105.7 103-25 145.5c-4.5 26.3 23.2 46 46.4 33.7L288 439.6l130.7 68.7c23.2 12.2 50.9-7.4 46.4-33.7l-25-145.5 105.7-103c19-18.5 8.5-50.8-17.7-54.6L382 150.2 316.7 17.8c-11.7-23.6-45.6-23.9-57.4 0z"
                  />
                </svg>
              </div>
            </div>
            <button
              class="c20"
            >
              3
               lessons
            </button>
          </div>
          <div
            class="c21"
          >
            <p>
              Master English: Improve Your Speaking
            </p>
          </div>
        </div>
      </article>
      <article
        class="c14"
      >
        <div
          class="c15"
        >
          <img
            alt="Master English: Improve Your Speaking"
            src="https://images.unsplash.com/photo-1513104890138-7c749659a591?ixlib=rb-1.2.1&ixid=MnwxMjA3fDB8MHxwaG90by1wYWdlfHx8fGVufDB8fHx8&auto=format&fit=crop&w=750&q=80"
          />
        </div>
        <div
          class="c16"
        >
          <div
            class="c17"
          >
            <div
              class="c18"
            >
              <div
                class="c19"
              >
                <svg
                  color="#C4C4C4"
                  fill="currentColor"
                  height="24"
                  stroke="currentColor"
                  stroke-width="0"
                  style="color: rgb(196, 196, 196); margin-right: 5px; cursor: pointer;"
                  viewBox="0 0 576 512"
                  width="24"
                  xmlns="http://www.w3.org/2000/svg"
                >
                  <path
                    d="M259.3 17.8L194 150.2 47.9 171.5c-26.2 3.8-36.7 36.1-17.7 54.6l105.7 103-25 145.5c-4.5 26.3 23.2 46 46.4 33.7L288 439.6l130.7 68.7c23.2 12.2 50.9-7.4 46.4-33.7l-25-145.5 105.7-103c19-18.5 8.5-50.8-17.7-54.6L382 150.2 316.7 17.8c-11.7-23.6-45.6-23.9-57.4 0z"
                  />
                </svg>
                <svg
                  color="#C4C4C4"
                  fill="currentColor"
                  height="24"
                  stroke="currentColor"
                  stroke-width="0"
                  style="color: rgb(196, 196, 196); margin-right: 5px; cursor: pointer;"
                  viewBox="0 0 576 512"
                  width="24"
                  xmlns="http://www.w3.org/2000/svg"
                >
                  <path
                    d="M259.3 17.8L194 150.2 47.9 171.5c-26.2 3.8-36.7 36.1-17.7 54.6l105.7 103-25 145.5c-4.5 26.3 23.2 46 46.4 33.7L288 439.6l130.7 68.7c23.2 12.2 50.9-7.4 46.4-33.7l-25-145.5 105.7-103c19-18.5 8.5-50.8-17.7-54.6L382 150.2 316.7 17.8c-11.7-23.6-45.6-23.9-57.4 0z"
                  />
                </svg>
                <svg
                  color="#C4C4C4"
                  fill="currentColor"
                  height="24"
                  stroke="currentColor"
                  stroke-width="0"
                  style="color: rgb(196, 196, 196); margin-right: 5px; cursor: pointer;"
                  viewBox="0 0 576 512"
                  width="24"
                  xmlns="http://www.w3.org/2000/svg"
                >
                  <path
                    d="M259.3 17.8L194 150.2 47.9 171.5c-26.2 3.8-36.7 36.1-17.7 54.6l105.7 103-25 145.5c-4.5 26.3 23.2 46 46.4 33.7L288 439.6l130.7 68.7c23.2 12.2 50.9-7.4 46.4-33.7l-25-145.5 105.7-103c19-18.5 8.5-50.8-17.7-54.6L382 150.2 316.7 17.8c-11.7-23.6-45.6-23.9-57.4 0z"
                  />
                </svg>
                <svg
                  color="#C4C4C4"
                  fill="currentColor"
                  height="24"
                  stroke="currentColor"
                  stroke-width="0"
                  style="color: rgb(196, 196, 196); margin-right: 5px; cursor: pointer;"
                  viewBox="0 0 576 512"
                  width="24"
                  xmlns="http://www.w3.org/2000/svg"
                >
                  <path
                    d="M259.3 17.8L194 150.2 47.9 171.5c-26.2 3.8-36.7 36.1-17.7 54.6l105.7 103-25 145.5c-4.5 26.3 23.2 46 46.4 33.7L288 439.6l130.7 68.7c23.2 12.2 50.9-7.4 46.4-33.7l-25-145.5 105.7-103c19-18.5 8.5-50.8-17.7-54.6L382 150.2 316.7 17.8c-11.7-23.6-45.6-23.9-57.4 0z"
                  />
                </svg>
                <svg
                  color="#C4C4C4"
                  fill="currentColor"
                  height="24"
                  stroke="currentColor"
                  stroke-width="0"
                  style="color: rgb(196, 196, 196); margin-right: 5px; cursor: pointer;"
                  viewBox="0 0 576 512"
                  width="24"
                  xmlns="http://www.w3.org/2000/svg"
                >
                  <path
                    d="M259.3 17.8L194 150.2 47.9 171.5c-26.2 3.8-36.7 36.1-17.7 54.6l105.7 103-25 145.5c-4.5 26.3 23.2 46 46.4 33.7L288 439.6l130.7 68.7c23.2 12.2 50.9-7.4 46.4-33.7l-25-145.5 105.7-103c19-18.5 8.5-50.8-17.7-54.6L382 150.2 316.7 17.8c-11.7-23.6-45.6-23.9-57.4 0z"
                  />
                </svg>
              </div>
            </div>
            <button
              class="c20"
            >
              6
               lessons
            </button>
          </div>
          <div
            class="c21"
          >
            <p>
              Master English: Improve Your Speaking
            </p>
          </div>
        </div>
      </article>
    </section>
  </section>
</div>
`;
